22:55:39 **** Incremental Build of configuration Debug for project BAI2_EXTI ****
make -j12 all 
arm-none-eabi-gcc "../Core/Src/main.c" -mcpu=cortex-m4 -std=gnu11 -g3 -DDEBUG -DUSE_HAL_DRIVER -DSTM32F407xx -c -I../Core/Inc -I../Drivers/STM32F4xx_HAL_Driver/Inc -I../Drivers/STM32F4xx_HAL_Driver/Inc/Legacy -I../Drivers/CMSIS/Device/ST/STM32F4xx/Include -I../Drivers/CMSIS/Include -O0 -ffunction-sections -fdata-sections -Wall -fstack-usage -fcyclomatic-complexity -MMD -MP -MF"Core/Src/main.d" -MT"Core/Src/main.o" --specs=nano.specs -mfpu=fpv4-sp-d16 -mfloat-abi=hard -mthumb -o "Core/Src/main.o"
arm-none-eabi-gcc -o "BAI2_EXTI.elf" @"objects.list"   -mcpu=cortex-m4 -T"E:\LAP_TRINH_STM32\STM32_CO_BAN\BAI2_EXTI\STM32F407VETX_FLASH.ld" --specs=nosys.specs -Wl,-Map="BAI2_EXTI.map" -Wl,--gc-sections -static --specs=nano.specs -mfpu=fpv4-sp-d16 -mfloat-abi=hard -mthumb -Wl,--start-group -lc -lm -Wl,--end-group
Finished building target: BAI2_EXTI.elf
 
arm-none-eabi-size  BAI2_EXTI.elf 
arm-none-eabi-objdump -h -S BAI2_EXTI.elf  > "BAI2_EXTI.list"
   text	   data	    bss	    dec	    hex	filename
   6624	     36	   1580	   8240	   2030	BAI2_EXTI.elf
Finished building: default.size.stdout
 
Finished building: BAI2_EXTI.list
 

22:55:40 Build Finished. 0 errors, 0 warnings. (took 813ms)

