22:22:10 **** Incremental Build of configuration Debug for project BAI3-2_TIMER ****
make -j12 all 
arm-none-eabi-gcc "../Core/Src/main.c" -mcpu=cortex-m4 -std=gnu11 -g3 -DDEBUG -DUSE_HAL_DRIVER -DSTM32F407xx -c -I../Core/Inc -I../Drivers/STM32F4xx_HAL_Driver/Inc -I../Drivers/STM32F4xx_HAL_Driver/Inc/Legacy -I../Drivers/CMSIS/Device/ST/STM32F4xx/Include -I../Drivers/CMSIS/Include -O0 -ffunction-sections -fdata-sections -Wall -fstack-usage -fcyclomatic-complexity -MMD -MP -MF"Core/Src/main.d" -MT"Core/Src/main.o" --specs=nano.specs -mfpu=fpv4-sp-d16 -mfloat-abi=hard -mthumb -o "Core/Src/main.o"
arm-none-eabi-gcc -o "BAI3-2_TIMER.elf" @"objects.list"   -mcpu=cortex-m4 -T"E:\LAP_TRINH_STM32\STM32_CO_BAN\BAI3-2_TIMER\STM32F407VETX_FLASH.ld" --specs=nosys.specs -Wl,-Map="BAI3-2_TIMER.map" -Wl,--gc-sections -static --specs=nano.specs -mfpu=fpv4-sp-d16 -mfloat-abi=hard -mthumb -Wl,--start-group -lc -lm -Wl,--end-group
Finished building target: BAI3-2_TIMER.elf
 
arm-none-eabi-size  BAI3-2_TIMER.elf 
arm-none-eabi-objdump -h -S BAI3-2_TIMER.elf  > "BAI3-2_TIMER.list"
   text	   data	    bss	    dec	    hex	filename
   8608	     12	   1644	  10264	   2818	BAI3-2_TIMER.elf
Finished building: default.size.stdout
 
Finished building: BAI3-2_TIMER.list
 

22:22:11 Build Finished. 0 errors, 0 warnings. (took 868ms)

